00 unknown
01 ftp_control
02 mail_pop
03 mail_smtp
04 mail_imap
05 dns
06 ipp
07 http
08 mdns
09 ntp
0a netbios
0b nfs
0c ssdp
0d bgp
0e snmp
0f xdmcp
10 smb
11 syslog
12 dhcp
13 postgres
14 mysql
15 tds
16 direct_download_link
17 mail_pops
18 applejuice
19 directconnect
1a socrates
1b winmx
1c vmware
1d mail_smtps
1e filetopia
1f imesh
20 kontiki
21 openft
22 fasttrack
23 gnutella
24 edonkey
25 bittorrent
26 epp
27 avi
28 flash
29 ogg
2a mpeg
2b quicktime
2c realmedia
2d windowsmedia
2e mms
2f xbox
30 qq
31 move
32 rtsp
33 mail_imaps
34 icecast
35 pplive
36 ppstream
37 zattoo
38 shoutcast
39 sopcast
3a tvants
3b tvuplayer
3c http_app_veohtv
3d qqlive
3e thunder
3f soulseek
40 ssl_no_cert
41 irc
42 ayiya
43 unencryped_jabber
44 msn
45 oscar
46 yahoo
47 battlefield
48 quake
49 ip_vrrp
4a steam
4b halflife2
4c worldofwarcraft
4d telnet
4e stun
4f ip_ipsec
50 ip_gre
51 ip_icmp
52 ip_igmp
53 ip_egp
54 ip_sctp
55 ip_ospf
56 ip_ip_in_ip
57 rtp
58 rdp
59 vnc
5a pcanywhere
5b ssl
5c ssh
5d usenet
5e mgcp
5f iax
60 tftp
61 afp
62 stealthnet
63 aimini
64 sip
65 truphone
66 ip_icmpv6
67 dhcpv6
68 armagetron
69 crossfire
6a dofus
6b fiesta
6c florensia
6d guildwars
6e http_app_activesync
6f kerberos
70 ldap
71 maplestory
72 mssql
73 pptp
74 warcraft3
75 world_of_kung_fu
76 meebo
77 facebook
78 twitter
79 dropbox
7a gmail
7b google_maps
7c youtube
7d skype
7e google
7f dcerpc
80 netflow
81 sflow
82 http_connect
83 http_proxy
84 citrix
85 netflix
86 lastfm
87 waze
88 skyfile_prepaid
89 skyfile_rudics
8a skyfile_postpaid
8b citrix_online
8c apple
8d webex
8e whatsapp
8f apple_icloud
90 viber
91 apple_itunes
92 radius
93 windows_update
94 teamviewer
95 tuenti
96 lotus_notes
97 sap
98 gtp
99 upnp
9a llmnr
9b remote_scan
9c spotify
9d webm
9e h323
9f openvpn
a0 noe
a1 ciscovpn
a2 teamspeak
a3 tor
a4 skinny
a5 rtcp
a6 rsync
a7 oracle
a8 corba
a9 ubuntuone
aa whois_das
ab collectd
ac socks5
ad socks4
ae rtmp
af ftp_data
b0 wikipedia
b1 zmq
b2 amazon
b3 ebay
b4 cnn
b5 megaco
b6 redis
b7 pando
b8 vhua
b9 telegram
ba vevo
bb pandora
bc quic
bd whatsapp_voice
be eaq
bf timmeu
c0 torcedor
c1 kakaotalk
c2 kakaotalk_voice
c3 twitch
c4 quickplay
c5 tim
c6 mpegts
c7 snapchat
c8 simet
c9 opensignal
ca 99taxi
cb easytaxi
cc globotv
cd timsomdechamada
ce timmenu
cf timportasabertas
d0 timrecarga
d1 timbeta
d2 deezer
d3 instagram
d4 microsoft
d5 starcraft
d6 teredo
d7 hotspot_shield
d8 csgo
