0 unknown
1 ftp_control
2 pop3
3 smtp
4 imap
5 dns
6 ipp
7 http
8 mdns
9 ntp
10 netbios
11 nfs
12 ssdp
13 bgp
14 snmp
15 xdmcp
16 smbv1
17 syslog
18 dhcp
19 postgresql
20 mysql
21 hotmail
22 direct_download_link
23 pops
24 applejuice
25 directconnect
26 ntop
27 coap
28 vmware
29 smtps
30 free_30
31 ubntac2
32 kontiki
33 openft
34 fasttrack
35 gnutella
36 edonkey
37 bittorrent
38 skypecall
39 signal
40 memcached
41 smbv23
42 mining
43 nestlogsink
44 modbus
45 whatsappcall
46 datasaver
47 xbox
48 qq
49 tiktok
50 rtsp
51 imaps
52 icecast
53 cpha
54 ppstream
55 zattoo
56 shoutcast
57 sopcast
58 discord
59 tvuplayer
60 mongodb
61 qqlive
62 thunder
63 soulseek
64 ps_vue
65 irc
66 ayiya
67 jabber
68 nats
69 amongus
70 yahoo
71 disneyplus
72 googleplus
73 vrrp
74 steam
75 halflife2
76 worldofwarcraft
77 telnet
78 stun
79 ipsec
80 gre
81 icmp
82 igmp
83 egp
84 sctp
85 ospf
86 ip_in_ip
87 rtp
88 rdp
89 vnc
90 tumblr
91 tls
92 ssh
93 usenet
94 mgcp
95 iax
96 tftp
97 afp
98 stealthnet
99 aimini
0a sip
0b truphone
0c icmpv6
0d dhcpv6
0e armagetron
0f crossfire
1a dofus
1b fiesta
1c florensia
1d guildwars
1e amazonalexa
1f kerberos
2a ldap
2b maplestory
2c mssql-tds
2d pptp
2e warcraft3
2f worldofkungfu
3a slack
3b facebook
3c twitter
3d dropbox
3e gmail
3f googlemaps
4a youtube
4b skype
4c google
4d dce_rpc
4e netflow
4f sflow
5a http_connect
5b http_proxy
5c citrix
5d netflix
5e lastfm
5f waze
6a youtubeupload
6b hulu
6c checkmk
6d ajp
6e apple
6f webex
7a whatsapp
7b appleicloud
7c viber
7d appleitunes
7e radius
7f windowsupdate
8a teamviewer
8b tuenti
8c lotusnotes
8d sap
8e gtp
8f upnp
9a llmnr
9b remotescan
9c spotify
9d messenger
9e h323
9f openvpn
a0 noe
a1 ciscovpn
a2 teamspeak
a3 tor
a4 ciscoskinny
a5 rtcp
a6 rsync
a7 oracle
a8 corba
a9 ubuntuone
aa whois-das
ab collectd
ac socks
ad nintendo
ae rtmp
af ftp_data
b0 wikipedia
b1 zeromq
b2 amazon
b3 ebay
b4 cnn
b5 megaco
b6 redis
b7 pinterest
b8 vhua
b9 telegram
ba vevo
bb pandora
bc quic
bd zoom
be eaq
bf ookla
c0 amqp
c1 kakaotalk
c2 kakaotalk_voice
c3 twitch
c4 doh_dot
c5 wechat
c6 mpeg_ts
c7 snapchat
c8 sina(weibo)
c9 googlehangoutduo
ca iflix
cb github
cc bjnp
cd reddit
ce wireguard
cf smpp
d0 dnscrypt
d1 tinc
d2 deezer
d3 instagram
d4 microsoft
d5 starcraft
d6 teredo
d7 hotspotshield
d8 imo
d9 googledrive
da ocs
db microsoft365
dc cloudflare
dd ms_onedrive
de mqtt
df rx
e0 applestore
e1 opendns
e2 git
e3 drda
e4 playstore
e5 someip
e6 fix
e7 playstation
e8 pastebin
e9 linkedin
ea soundcloud
eb csgo
ec lisp
ed diameter
ee applepush
ef googleservices
f0 amazonvideo
f1 googledocs
f2 whatsappfiles
f3 targusdataspeed
f4 dnp3
f5 iec60870
f6 bloomberg
f7 capwap
f8 zabbix
f9 s7comm
fa teams
fb websocket
fc anydesk
fd soap
fe applesiri
